resolving lib lib1.a
Linking gbl-ctors-1.o as 0
Linking gbl-ctors-2-gbl_ctors_2_work-GLOBAL_FUNCTION_DECL.o as 1
trying lib lib1/lib1.a
Starting first resolve run
Resolving gbl_ctors_2_work
Linking lib1/lib1.a::0.o/             as 2
Disabling handling of special-purpose functions; '__trigger_gbl_ctors' not available
